// Vitest Snapshot v1, https://vitest.dev/guide/snapshot.html

exports[`generateQRData > additional Information 1`] = `
"SPC
0200
1
CH5800791123000889012
S
Creditor FirstName LastName
Creditor Address

1234
Creditor City
CH







0.00
CHF







NON


EPD
//S1/10/10201409/11/190512/20/1400.000-53/30/106017086/31/180508/32/7.7/40/2:10;0:30"
`;

exports[`generateQRData > alternative schemes AV1 & AV2 1`] = `
"SPC
0200
1
CH5800791123000889012
S
Creditor FirstName LastName
Creditor Address

1234
Creditor City
CH








CHF







NON


EPD

twint/light/02:5d5caa0c078149c694380b72d273ba7#9837183ed9f8bab7286856d786edf5721d55f82b#
rn/twint/a~UuoWrVwETE-AZMysjqoCtQ~s~kNAfGk8vSou0wsvzHvTiSw/rn"
`;

exports[`generateQRData > alternative schemes AV1 1`] = `
"SPC
0200
1
CH5800791123000889012
S
Creditor FirstName LastName
Creditor Address

1234
Creditor City
CH








CHF







NON


EPD

eBill/B/peter@muster.ch"
`;

exports[`generateQRData > alternative schemes AV2 1`] = `
"SPC
0200
1
CH5800791123000889012
S
Creditor FirstName LastName
Creditor Address

1234
Creditor City
CH








CHF







NON


EPD

eBill/B/peter@muster.ch"
`;

exports[`generateQRData > creditor with QR IBAN 1`] = `
"SPC
0200
1
CH4431999123000889012
S
Creditor FirstName LastName
Creditor Address

1234
Creditor City
CH








CHF







QRR
210000000003139471430009017

EPD
"
`;

exports[`generateQRData > creditor with building number 1`] = `
"SPC
0200
1
CH5800791123000889012
S
Creditor FirstName LastName
Creditor Address
123
1234
Creditor City
CH








CHF







NON


EPD
"
`;

exports[`generateQRData > creditor with building number as string 1`] = `
"SPC
0200
1
CH5800791123000889012
S
Creditor FirstName LastName
Creditor Address
A123
1234
Creditor City
CH








CHF







NON


EPD
"
`;

exports[`generateQRData > creditor with maxed out field lengths 1`] = `
"SPC
0200
1
CH5800791123000889012
S
Creditor FirstName LastNameCreditor FirstName LastNameCreditor FirstNa
Creditor AddressCreditor AddressCreditor AddressCreditor AddressCredit

1234123412341234
Creditor CityCreditor CityCreditor 
CH








CHF







NON


EPD
"
`;

exports[`generateQRData > creditor with normal IBAN 1`] = `
"SPC
0200
1
CH5800791123000889012
S
Creditor FirstName LastName
Creditor Address

1234
Creditor City
CH








CHF







NON


EPD
"
`;

exports[`generateQRData > creditor with normal IBAN and reference 1`] = `
"SPC
0200
1
CH5800791123000889012
S
Creditor FirstName LastName
Creditor Address

1234
Creditor City
CH








CHF







SCOR
RF485000056789012345

EPD
"
`;

exports[`generateQRData > currency 1`] = `
"SPC
0200
1
CH5800791123000889012
S
Creditor FirstName LastName
Creditor Address

1234
Creditor City
CH








EUR







NON


EPD
"
`;

exports[`generateQRData > debtor with building number 1`] = `
"SPC
0200
1
CH5800791123000889012
S
Creditor FirstName LastName
Creditor Address

1234
Creditor City
CH








CHF
S
Debtor FirstName LastName
Debtor Address
123
5678
Debtor City
CH
NON


EPD
"
`;

exports[`generateQRData > debtor with building number as string 1`] = `
"SPC
0200
1
CH5800791123000889012
S
Creditor FirstName LastName
Creditor Address

1234
Creditor City
CH








CHF
S
Debtor FirstName LastName
Debtor Address
A123
5678
Debtor City
CH
NON


EPD
"
`;

exports[`generateQRData > debtor with maxed out field lengths 1`] = `
"SPC
0200
1
CH5800791123000889012
S
Creditor FirstName LastName
Creditor Address

1234
Creditor City
CH








CHF
S
Debtor FirstName LastNameDebtor FirstName LastNameDebtor FirstName Las
Debtor AddressDebtor AddressDebtor AddressDebtor AddressDebtor Address

5678567856785678
Debtor CityDebtor CityDebtor CityDe
CH
NON


EPD
"
`;

exports[`generateQRData > message 1`] = `
"SPC
0200
1
CH5800791123000889012
S
Creditor FirstName LastName
Creditor Address

1234
Creditor City
CH








CHF







NON

DO NOT USE FOR PAYMENT
EPD
"
`;

exports[`generateQRData > message with maxed out field length 1`] = `
"SPC
0200
1
CH5800791123000889012
S
Creditor FirstName LastName
Creditor Address

1234
Creditor City
CH








CHF







NON

MessageMessageMessageMessageMessageMessageMessageMessageMessageMessageMessageMessageMessageMessageMessageMessageMessageMessageMessageMessage
EPD
"
`;

exports[`generateQRData > minimal required data + amount 1`] = `
"SPC
0200
1
CH5800791123000889012
S
Creditor FirstName LastName
Creditor Address

1234
Creditor City
CH







123.45
CHF







NON


EPD
"
`;

exports[`generateQRData > minimal required data + debtor 1`] = `
"SPC
0200
1
CH5800791123000889012
S
Creditor FirstName LastName
Creditor Address

1234
Creditor City
CH








CHF
S
Debtor FirstName LastName
Debtor Address

5678
Debtor City
CH
NON


EPD
"
`;

exports[`generateQRData > minimal required data 1`] = `
"SPC
0200
1
CH5800791123000889012
S
Creditor FirstName LastName
Creditor Address

1234
Creditor City
CH








CHF







NON


EPD
"
`;
